// Jest Snapshot v1, https://goo.gl/fbAQLP

exports[`test 1`] = `
<div>
  <main
    class=""
  >
    <header
      class="_mainContentHeader"
    >
      <h1>
        Light Bright
      </h1>
    </header>
    <div
      class="_lightBrightGame"
    >
      <div
        class="_controls"
      >
        <button
          type="button"
        >
          Reset last color
        </button>
        <button
          type="button"
        >
          Reset all
        </button>
      </div>
      <div
        class="_board"
      >
        <div
          class=""
        />
        <div
          class=""
        />
        <div
          class=""
        />
        <div
          class=""
        />
        <div
          class=""
        />
        <div
          class=""
        />
        <div
          class=""
        />
        <div
          class=""
        />
        <div
          class=""
        />
        <div
          class=""
        />
        <div
          class=""
        />
        <div
          class=""
        />
        <div
          class=""
        />
        <div
          class=""
        />
        <div
          class=""
        />
        <div
          class=""
        />
        <div
          class=""
        />
        <div
          class=""
        />
        <div
          class=""
        />
        <div
          class=""
        />
        <div
          class=""
        />
        <div
          class=""
        />
        <div
          class=""
        />
        <div
          class=""
        />
        <div
          class=""
        />
        <div
          class=""
        />
        <div
          class=""
        />
        <div
          class=""
        />
        <div
          class=""
        />
        <div
          class=""
        />
        <div
          class=""
        />
        <div
          class=""
        />
        <div
          class=""
        />
        <div
          class=""
        />
        <div
          class=""
        />
        <div
          class=""
        />
        <div
          class=""
        />
        <div
          class=""
        />
        <div
          class=""
        />
        <div
          class=""
        />
        <div
          class=""
        />
        <div
          class=""
        />
        <div
          class=""
        />
        <div
          class=""
        />
        <div
          class=""
        />
        <div
          class=""
        />
        <div
          class=""
        />
        <div
          class=""
        />
        <div
          class=""
        />
        <div
          class=""
        />
        <div
          class=""
        />
        <div
          class=""
        />
        <div
          class=""
        />
        <div
          class=""
        />
        <div
          class=""
        />
        <div
          class=""
        />
        <div
          class=""
        />
        <div
          class=""
        />
        <div
          class=""
        />
        <div
          class=""
        />
        <div
          class=""
        />
        <div
          class=""
        />
        <div
          class=""
        />
        <div
          class=""
        />
        <div
          class=""
        />
        <div
          class=""
        />
        <div
          class=""
        />
        <div
          class=""
        />
        <div
          class=""
        />
        <div
          class=""
        />
        <div
          class=""
        />
        <div
          class=""
        />
        <div
          class=""
        />
        <div
          class=""
        />
        <div
          class=""
        />
        <div
          class=""
        />
        <div
          class=""
        />
        <div
          class=""
        />
        <div
          class=""
        />
        <div
          class=""
        />
      </div>
    </div>
    <div
      class=""
    >
      <p
        class="_text"
      >
        © Spyros Argalias
        2019
      </p>
      <p
        class="_text"
      >
        <a
          href="https://github.com/sargalias/light-bright"
          rel="noopener noreferrer"
          target="_blank"
        >
          View code
        </a>
      </p>
    </div>
  </main>
</div>
`;
