// Jest Snapshot v1, https://goo.gl/fbAQLP

exports[`test 1`] = `
<div>
  <div
    class=""
  >
    <main>
      <div
        class="_lightBrightApp"
      >
        <header
          class="_mainContentHeader"
        >
          <h1>
            Light Bright
          </h1>
        </header>
        <div
          class="_lightBrightGame"
        >
          <div
            class="_controls"
          >
            <button
              type="button"
            >
              Reset last color
            </button>
            <button
              type="button"
            >
              Reset all
            </button>
          </div>
          <div
            class=""
          >
            <div
              class=""
              data-cell="0"
              data-testid="0"
            />
            <div
              class=""
              data-cell="1"
              data-testid="1"
            />
            <div
              class=""
              data-cell="2"
              data-testid="2"
            />
            <div
              class=""
              data-cell="3"
              data-testid="3"
            />
            <div
              class=""
              data-cell="4"
              data-testid="4"
            />
            <div
              class=""
              data-cell="5"
              data-testid="5"
            />
            <div
              class=""
              data-cell="6"
              data-testid="6"
            />
            <div
              class=""
              data-cell="7"
              data-testid="7"
            />
            <div
              class=""
              data-cell="8"
              data-testid="8"
            />
            <div
              class=""
              data-cell="9"
              data-testid="9"
            />
            <div
              class=""
              data-cell="10"
              data-testid="10"
            />
            <div
              class=""
              data-cell="11"
              data-testid="11"
            />
            <div
              class=""
              data-cell="12"
              data-testid="12"
            />
            <div
              class=""
              data-cell="13"
              data-testid="13"
            />
            <div
              class=""
              data-cell="14"
              data-testid="14"
            />
            <div
              class=""
              data-cell="15"
              data-testid="15"
            />
            <div
              class=""
              data-cell="16"
              data-testid="16"
            />
            <div
              class=""
              data-cell="17"
              data-testid="17"
            />
            <div
              class=""
              data-cell="18"
              data-testid="18"
            />
            <div
              class=""
              data-cell="19"
              data-testid="19"
            />
            <div
              class=""
              data-cell="20"
              data-testid="20"
            />
            <div
              class=""
              data-cell="21"
              data-testid="21"
            />
            <div
              class=""
              data-cell="22"
              data-testid="22"
            />
            <div
              class=""
              data-cell="23"
              data-testid="23"
            />
            <div
              class=""
              data-cell="24"
              data-testid="24"
            />
            <div
              class=""
              data-cell="25"
              data-testid="25"
            />
            <div
              class=""
              data-cell="26"
              data-testid="26"
            />
            <div
              class=""
              data-cell="27"
              data-testid="27"
            />
            <div
              class=""
              data-cell="28"
              data-testid="28"
            />
            <div
              class=""
              data-cell="29"
              data-testid="29"
            />
            <div
              class=""
              data-cell="30"
              data-testid="30"
            />
            <div
              class=""
              data-cell="31"
              data-testid="31"
            />
            <div
              class=""
              data-cell="32"
              data-testid="32"
            />
            <div
              class=""
              data-cell="33"
              data-testid="33"
            />
            <div
              class=""
              data-cell="34"
              data-testid="34"
            />
            <div
              class=""
              data-cell="35"
              data-testid="35"
            />
            <div
              class=""
              data-cell="36"
              data-testid="36"
            />
            <div
              class=""
              data-cell="37"
              data-testid="37"
            />
            <div
              class=""
              data-cell="38"
              data-testid="38"
            />
            <div
              class=""
              data-cell="39"
              data-testid="39"
            />
            <div
              class=""
              data-cell="40"
              data-testid="40"
            />
            <div
              class=""
              data-cell="41"
              data-testid="41"
            />
            <div
              class=""
              data-cell="42"
              data-testid="42"
            />
            <div
              class=""
              data-cell="43"
              data-testid="43"
            />
            <div
              class=""
              data-cell="44"
              data-testid="44"
            />
            <div
              class=""
              data-cell="45"
              data-testid="45"
            />
            <div
              class=""
              data-cell="46"
              data-testid="46"
            />
            <div
              class=""
              data-cell="47"
              data-testid="47"
            />
            <div
              class=""
              data-cell="48"
              data-testid="48"
            />
            <div
              class=""
              data-cell="49"
              data-testid="49"
            />
            <div
              class=""
              data-cell="50"
              data-testid="50"
            />
            <div
              class=""
              data-cell="51"
              data-testid="51"
            />
            <div
              class=""
              data-cell="52"
              data-testid="52"
            />
            <div
              class=""
              data-cell="53"
              data-testid="53"
            />
            <div
              class=""
              data-cell="54"
              data-testid="54"
            />
            <div
              class=""
              data-cell="55"
              data-testid="55"
            />
            <div
              class=""
              data-cell="56"
              data-testid="56"
            />
            <div
              class=""
              data-cell="57"
              data-testid="57"
            />
            <div
              class=""
              data-cell="58"
              data-testid="58"
            />
            <div
              class=""
              data-cell="59"
              data-testid="59"
            />
            <div
              class=""
              data-cell="60"
              data-testid="60"
            />
            <div
              class=""
              data-cell="61"
              data-testid="61"
            />
            <div
              class=""
              data-cell="62"
              data-testid="62"
            />
            <div
              class=""
              data-cell="63"
              data-testid="63"
            />
            <div
              class=""
              data-cell="64"
              data-testid="64"
            />
            <div
              class=""
              data-cell="65"
              data-testid="65"
            />
            <div
              class=""
              data-cell="66"
              data-testid="66"
            />
            <div
              class=""
              data-cell="67"
              data-testid="67"
            />
            <div
              class=""
              data-cell="68"
              data-testid="68"
            />
            <div
              class=""
              data-cell="69"
              data-testid="69"
            />
            <div
              class=""
              data-cell="70"
              data-testid="70"
            />
            <div
              class=""
              data-cell="71"
              data-testid="71"
            />
            <div
              class=""
              data-cell="72"
              data-testid="72"
            />
            <div
              class=""
              data-cell="73"
              data-testid="73"
            />
            <div
              class=""
              data-cell="74"
              data-testid="74"
            />
            <div
              class=""
              data-cell="75"
              data-testid="75"
            />
            <div
              class=""
              data-cell="76"
              data-testid="76"
            />
            <div
              class=""
              data-cell="77"
              data-testid="77"
            />
            <div
              class=""
              data-cell="78"
              data-testid="78"
            />
            <div
              class=""
              data-cell="79"
              data-testid="79"
            />
            <div
              class=""
              data-cell="80"
              data-testid="80"
            />
            <div
              class=""
              data-cell="81"
              data-testid="81"
            />
            <div
              class=""
              data-cell="82"
              data-testid="82"
            />
            <div
              class=""
              data-cell="83"
              data-testid="83"
            />
            <div
              class=""
              data-cell="84"
              data-testid="84"
            />
            <div
              class=""
              data-cell="85"
              data-testid="85"
            />
            <div
              class=""
              data-cell="86"
              data-testid="86"
            />
            <div
              class=""
              data-cell="87"
              data-testid="87"
            />
            <div
              class=""
              data-cell="88"
              data-testid="88"
            />
            <div
              class=""
              data-cell="89"
              data-testid="89"
            />
            <div
              class=""
              data-cell="90"
              data-testid="90"
            />
            <div
              class=""
              data-cell="91"
              data-testid="91"
            />
            <div
              class=""
              data-cell="92"
              data-testid="92"
            />
            <div
              class=""
              data-cell="93"
              data-testid="93"
            />
            <div
              class=""
              data-cell="94"
              data-testid="94"
            />
            <div
              class=""
              data-cell="95"
              data-testid="95"
            />
            <div
              class=""
              data-cell="96"
              data-testid="96"
            />
            <div
              class=""
              data-cell="97"
              data-testid="97"
            />
            <div
              class=""
              data-cell="98"
              data-testid="98"
            />
            <div
              class=""
              data-cell="99"
              data-testid="99"
            />
            <div
              class=""
              data-cell="100"
              data-testid="100"
            />
            <div
              class=""
              data-cell="101"
              data-testid="101"
            />
            <div
              class=""
              data-cell="102"
              data-testid="102"
            />
            <div
              class=""
              data-cell="103"
              data-testid="103"
            />
            <div
              class=""
              data-cell="104"
              data-testid="104"
            />
            <div
              class=""
              data-cell="105"
              data-testid="105"
            />
            <div
              class=""
              data-cell="106"
              data-testid="106"
            />
            <div
              class=""
              data-cell="107"
              data-testid="107"
            />
            <div
              class=""
              data-cell="108"
              data-testid="108"
            />
            <div
              class=""
              data-cell="109"
              data-testid="109"
            />
            <div
              class=""
              data-cell="110"
              data-testid="110"
            />
            <div
              class=""
              data-cell="111"
              data-testid="111"
            />
            <div
              class=""
              data-cell="112"
              data-testid="112"
            />
            <div
              class=""
              data-cell="113"
              data-testid="113"
            />
            <div
              class=""
              data-cell="114"
              data-testid="114"
            />
            <div
              class=""
              data-cell="115"
              data-testid="115"
            />
            <div
              class=""
              data-cell="116"
              data-testid="116"
            />
            <div
              class=""
              data-cell="117"
              data-testid="117"
            />
            <div
              class=""
              data-cell="118"
              data-testid="118"
            />
            <div
              class=""
              data-cell="119"
              data-testid="119"
            />
            <div
              class=""
              data-cell="120"
              data-testid="120"
            />
            <div
              class=""
              data-cell="121"
              data-testid="121"
            />
            <div
              class=""
              data-cell="122"
              data-testid="122"
            />
            <div
              class=""
              data-cell="123"
              data-testid="123"
            />
            <div
              class=""
              data-cell="124"
              data-testid="124"
            />
            <div
              class=""
              data-cell="125"
              data-testid="125"
            />
            <div
              class=""
              data-cell="126"
              data-testid="126"
            />
            <div
              class=""
              data-cell="127"
              data-testid="127"
            />
            <div
              class=""
              data-cell="128"
              data-testid="128"
            />
            <div
              class=""
              data-cell="129"
              data-testid="129"
            />
            <div
              class=""
              data-cell="130"
              data-testid="130"
            />
            <div
              class=""
              data-cell="131"
              data-testid="131"
            />
            <div
              class=""
              data-cell="132"
              data-testid="132"
            />
            <div
              class=""
              data-cell="133"
              data-testid="133"
            />
            <div
              class=""
              data-cell="134"
              data-testid="134"
            />
            <div
              class=""
              data-cell="135"
              data-testid="135"
            />
            <div
              class=""
              data-cell="136"
              data-testid="136"
            />
            <div
              class=""
              data-cell="137"
              data-testid="137"
            />
            <div
              class=""
              data-cell="138"
              data-testid="138"
            />
            <div
              class=""
              data-cell="139"
              data-testid="139"
            />
            <div
              class=""
              data-cell="140"
              data-testid="140"
            />
            <div
              class=""
              data-cell="141"
              data-testid="141"
            />
            <div
              class=""
              data-cell="142"
              data-testid="142"
            />
            <div
              class=""
              data-cell="143"
              data-testid="143"
            />
            <div
              class=""
              data-cell="144"
              data-testid="144"
            />
            <div
              class=""
              data-cell="145"
              data-testid="145"
            />
            <div
              class=""
              data-cell="146"
              data-testid="146"
            />
            <div
              class=""
              data-cell="147"
              data-testid="147"
            />
            <div
              class=""
              data-cell="148"
              data-testid="148"
            />
            <div
              class=""
              data-cell="149"
              data-testid="149"
            />
            <div
              class=""
              data-cell="150"
              data-testid="150"
            />
            <div
              class=""
              data-cell="151"
              data-testid="151"
            />
            <div
              class=""
              data-cell="152"
              data-testid="152"
            />
            <div
              class=""
              data-cell="153"
              data-testid="153"
            />
            <div
              class=""
              data-cell="154"
              data-testid="154"
            />
            <div
              class=""
              data-cell="155"
              data-testid="155"
            />
            <div
              class=""
              data-cell="156"
              data-testid="156"
            />
            <div
              class=""
              data-cell="157"
              data-testid="157"
            />
            <div
              class=""
              data-cell="158"
              data-testid="158"
            />
            <div
              class=""
              data-cell="159"
              data-testid="159"
            />
            <div
              class=""
              data-cell="160"
              data-testid="160"
            />
            <div
              class=""
              data-cell="161"
              data-testid="161"
            />
            <div
              class=""
              data-cell="162"
              data-testid="162"
            />
            <div
              class=""
              data-cell="163"
              data-testid="163"
            />
            <div
              class=""
              data-cell="164"
              data-testid="164"
            />
            <div
              class=""
              data-cell="165"
              data-testid="165"
            />
            <div
              class=""
              data-cell="166"
              data-testid="166"
            />
            <div
              class=""
              data-cell="167"
              data-testid="167"
            />
            <div
              class=""
              data-cell="168"
              data-testid="168"
            />
            <div
              class=""
              data-cell="169"
              data-testid="169"
            />
            <div
              class=""
              data-cell="170"
              data-testid="170"
            />
            <div
              class=""
              data-cell="171"
              data-testid="171"
            />
            <div
              class=""
              data-cell="172"
              data-testid="172"
            />
            <div
              class=""
              data-cell="173"
              data-testid="173"
            />
            <div
              class=""
              data-cell="174"
              data-testid="174"
            />
            <div
              class=""
              data-cell="175"
              data-testid="175"
            />
            <div
              class=""
              data-cell="176"
              data-testid="176"
            />
            <div
              class=""
              data-cell="177"
              data-testid="177"
            />
            <div
              class=""
              data-cell="178"
              data-testid="178"
            />
            <div
              class=""
              data-cell="179"
              data-testid="179"
            />
            <div
              class=""
              data-cell="180"
              data-testid="180"
            />
            <div
              class=""
              data-cell="181"
              data-testid="181"
            />
            <div
              class=""
              data-cell="182"
              data-testid="182"
            />
            <div
              class=""
              data-cell="183"
              data-testid="183"
            />
            <div
              class=""
              data-cell="184"
              data-testid="184"
            />
            <div
              class=""
              data-cell="185"
              data-testid="185"
            />
            <div
              class=""
              data-cell="186"
              data-testid="186"
            />
            <div
              class=""
              data-cell="187"
              data-testid="187"
            />
            <div
              class=""
              data-cell="188"
              data-testid="188"
            />
            <div
              class=""
              data-cell="189"
              data-testid="189"
            />
            <div
              class=""
              data-cell="190"
              data-testid="190"
            />
            <div
              class=""
              data-cell="191"
              data-testid="191"
            />
            <div
              class=""
              data-cell="192"
              data-testid="192"
            />
            <div
              class=""
              data-cell="193"
              data-testid="193"
            />
            <div
              class=""
              data-cell="194"
              data-testid="194"
            />
            <div
              class=""
              data-cell="195"
              data-testid="195"
            />
            <div
              class=""
              data-cell="196"
              data-testid="196"
            />
            <div
              class=""
              data-cell="197"
              data-testid="197"
            />
            <div
              class=""
              data-cell="198"
              data-testid="198"
            />
            <div
              class=""
              data-cell="199"
              data-testid="199"
            />
            <div
              class=""
              data-cell="200"
              data-testid="200"
            />
            <div
              class=""
              data-cell="201"
              data-testid="201"
            />
            <div
              class=""
              data-cell="202"
              data-testid="202"
            />
            <div
              class=""
              data-cell="203"
              data-testid="203"
            />
            <div
              class=""
              data-cell="204"
              data-testid="204"
            />
            <div
              class=""
              data-cell="205"
              data-testid="205"
            />
            <div
              class=""
              data-cell="206"
              data-testid="206"
            />
            <div
              class=""
              data-cell="207"
              data-testid="207"
            />
            <div
              class=""
              data-cell="208"
              data-testid="208"
            />
            <div
              class=""
              data-cell="209"
              data-testid="209"
            />
            <div
              class=""
              data-cell="210"
              data-testid="210"
            />
            <div
              class=""
              data-cell="211"
              data-testid="211"
            />
            <div
              class=""
              data-cell="212"
              data-testid="212"
            />
            <div
              class=""
              data-cell="213"
              data-testid="213"
            />
            <div
              class=""
              data-cell="214"
              data-testid="214"
            />
            <div
              class=""
              data-cell="215"
              data-testid="215"
            />
            <div
              class=""
              data-cell="216"
              data-testid="216"
            />
            <div
              class=""
              data-cell="217"
              data-testid="217"
            />
            <div
              class=""
              data-cell="218"
              data-testid="218"
            />
            <div
              class=""
              data-cell="219"
              data-testid="219"
            />
            <div
              class=""
              data-cell="220"
              data-testid="220"
            />
            <div
              class=""
              data-cell="221"
              data-testid="221"
            />
            <div
              class=""
              data-cell="222"
              data-testid="222"
            />
            <div
              class=""
              data-cell="223"
              data-testid="223"
            />
            <div
              class=""
              data-cell="224"
              data-testid="224"
            />
            <div
              class=""
              data-cell="225"
              data-testid="225"
            />
            <div
              class=""
              data-cell="226"
              data-testid="226"
            />
            <div
              class=""
              data-cell="227"
              data-testid="227"
            />
            <div
              class=""
              data-cell="228"
              data-testid="228"
            />
            <div
              class=""
              data-cell="229"
              data-testid="229"
            />
            <div
              class=""
              data-cell="230"
              data-testid="230"
            />
            <div
              class=""
              data-cell="231"
              data-testid="231"
            />
            <div
              class=""
              data-cell="232"
              data-testid="232"
            />
            <div
              class=""
              data-cell="233"
              data-testid="233"
            />
            <div
              class=""
              data-cell="234"
              data-testid="234"
            />
            <div
              class=""
              data-cell="235"
              data-testid="235"
            />
            <div
              class=""
              data-cell="236"
              data-testid="236"
            />
            <div
              class=""
              data-cell="237"
              data-testid="237"
            />
            <div
              class=""
              data-cell="238"
              data-testid="238"
            />
            <div
              class=""
              data-cell="239"
              data-testid="239"
            />
            <div
              class=""
              data-cell="240"
              data-testid="240"
            />
            <div
              class=""
              data-cell="241"
              data-testid="241"
            />
            <div
              class=""
              data-cell="242"
              data-testid="242"
            />
            <div
              class=""
              data-cell="243"
              data-testid="243"
            />
            <div
              class=""
              data-cell="244"
              data-testid="244"
            />
            <div
              class=""
              data-cell="245"
              data-testid="245"
            />
            <div
              class=""
              data-cell="246"
              data-testid="246"
            />
            <div
              class=""
              data-cell="247"
              data-testid="247"
            />
            <div
              class=""
              data-cell="248"
              data-testid="248"
            />
            <div
              class=""
              data-cell="249"
              data-testid="249"
            />
            <div
              class=""
              data-cell="250"
              data-testid="250"
            />
            <div
              class=""
              data-cell="251"
              data-testid="251"
            />
            <div
              class=""
              data-cell="252"
              data-testid="252"
            />
            <div
              class=""
              data-cell="253"
              data-testid="253"
            />
            <div
              class=""
              data-cell="254"
              data-testid="254"
            />
            <div
              class=""
              data-cell="255"
              data-testid="255"
            />
            <div
              class=""
              data-cell="256"
              data-testid="256"
            />
            <div
              class=""
              data-cell="257"
              data-testid="257"
            />
            <div
              class=""
              data-cell="258"
              data-testid="258"
            />
            <div
              class=""
              data-cell="259"
              data-testid="259"
            />
            <div
              class=""
              data-cell="260"
              data-testid="260"
            />
            <div
              class=""
              data-cell="261"
              data-testid="261"
            />
            <div
              class=""
              data-cell="262"
              data-testid="262"
            />
            <div
              class=""
              data-cell="263"
              data-testid="263"
            />
            <div
              class=""
              data-cell="264"
              data-testid="264"
            />
            <div
              class=""
              data-cell="265"
              data-testid="265"
            />
            <div
              class=""
              data-cell="266"
              data-testid="266"
            />
            <div
              class=""
              data-cell="267"
              data-testid="267"
            />
            <div
              class=""
              data-cell="268"
              data-testid="268"
            />
            <div
              class=""
              data-cell="269"
              data-testid="269"
            />
            <div
              class=""
              data-cell="270"
              data-testid="270"
            />
            <div
              class=""
              data-cell="271"
              data-testid="271"
            />
            <div
              class=""
              data-cell="272"
              data-testid="272"
            />
            <div
              class=""
              data-cell="273"
              data-testid="273"
            />
            <div
              class=""
              data-cell="274"
              data-testid="274"
            />
            <div
              class=""
              data-cell="275"
              data-testid="275"
            />
            <div
              class=""
              data-cell="276"
              data-testid="276"
            />
            <div
              class=""
              data-cell="277"
              data-testid="277"
            />
            <div
              class=""
              data-cell="278"
              data-testid="278"
            />
            <div
              class=""
              data-cell="279"
              data-testid="279"
            />
            <div
              class=""
              data-cell="280"
              data-testid="280"
            />
            <div
              class=""
              data-cell="281"
              data-testid="281"
            />
            <div
              class=""
              data-cell="282"
              data-testid="282"
            />
            <div
              class=""
              data-cell="283"
              data-testid="283"
            />
            <div
              class=""
              data-cell="284"
              data-testid="284"
            />
            <div
              class=""
              data-cell="285"
              data-testid="285"
            />
            <div
              class=""
              data-cell="286"
              data-testid="286"
            />
            <div
              class=""
              data-cell="287"
              data-testid="287"
            />
            <div
              class=""
              data-cell="288"
              data-testid="288"
            />
            <div
              class=""
              data-cell="289"
              data-testid="289"
            />
            <div
              class=""
              data-cell="290"
              data-testid="290"
            />
            <div
              class=""
              data-cell="291"
              data-testid="291"
            />
            <div
              class=""
              data-cell="292"
              data-testid="292"
            />
            <div
              class=""
              data-cell="293"
              data-testid="293"
            />
            <div
              class=""
              data-cell="294"
              data-testid="294"
            />
            <div
              class=""
              data-cell="295"
              data-testid="295"
            />
            <div
              class=""
              data-cell="296"
              data-testid="296"
            />
            <div
              class=""
              data-cell="297"
              data-testid="297"
            />
            <div
              class=""
              data-cell="298"
              data-testid="298"
            />
            <div
              class=""
              data-cell="299"
              data-testid="299"
            />
          </div>
        </div>
        <section
          class="_instructions"
        >
          <h2
            class="_heading"
          >
            Instructions
          </h2>
          <ul>
            <li>
              <strong>
                Click:
              </strong>
               Paint a circle with a unique color.
            </li>
            <li>
              <strong>
                Click on a circle, then drag:
              </strong>
               Generate a unique color and paint circles with it.
            </li>
            <li>
              <strong>
                Reset last color:
              </strong>
               Unpaint the most recently painted circles.
            </li>
            <li>
              <strong>
                Reset all:
              </strong>
               Unpaint all circles.
            </li>
          </ul>
        </section>
      </div>
    </main>
    <div
      class=""
    >
      <div
        class="_container"
      >
        <p
          class="_text"
        >
          © Spyros Argalias
          2019
        </p>
        <p
          class="_text"
        >
          <a
            href="https://github.com/sargalias/light-bright"
            rel="noopener noreferrer"
            target="_blank"
          >
            View code
          </a>
        </p>
      </div>
    </div>
  </div>
</div>
`;
